// Jest Snapshot v1, https://goo.gl/fbAQLP

exports[`Test Rockets Component Rockets snapshots match 1`] = `
<div
  className="rocket-holder"
>
  <article
    className="rocket"
  >
    <div
      className="image-container"
    >
      <img
        alt="placeholder"
      />
    </div>
    <div
      className="detail-container"
    >
      <h2>
        Falcon 1
      </h2>
      <p>
        <span
          className="reservation"
        >
          Reserved
        </span>
        The Falcon 1 was an expendable launch system privately developed and manufactured by SpaceX during 2006-2009.
      </p>
      <button
        className="cancelbtn"
        onClick={[Function]}
        type="button"
      >
        Cancel Reservation
      </button>
    </div>
  </article>
  <article
    className="rocket"
  >
    <div
      className="image-container"
    >
      <img
        alt="placeholder"
      />
    </div>
    <div
      className="detail-container"
    >
      <h2>
        Falcon 9
      </h2>
      <p>
        Falcon 9 is a two-stage rocket designed and manufactured by SpaceX for the reliable and safe transport of satellites and the Dragon spacecraft into orbit.
      </p>
      <button
        className="reservebtn"
        onClick={[Function]}
        type="button"
      >
        Reserve Rocket
      </button>
    </div>
  </article>
</div>
`;
